// Jest Snapshot v1, https://goo.gl/fbAQLP

exports[`mtproto tl to typescript tl types generator check generate types 1`] = `
"import type { Test1 } from "./test1.js";
import type { Test2 } from "./test2.js";

export type TypeTest = Test1 | Test2;
"
`;
